

================================================================
== Vivado HLS Report for 'big_mult_v3_94_17_s'
================================================================
* Date:           Sun Oct 18 23:04:55 2020

* Version:        2016.4 (Build 1756540 on Mon Jan 23 19:31:01 MST 2017)
* Project:        wave2
* Solution:       wave
* Product family: zynq
* Target device:  xc7z020clg484-1


================================================================
== Performance Estimates
================================================================
+ Timing (ns): 
    * Summary: 
    +--------+-------+----------+------------+
    |  Clock | Target| Estimated| Uncertainty|
    +--------+-------+----------+------------+
    |ap_clk  |  10.00|      8.02|        1.25|
    +--------+-------+----------+------------+

+ Latency (clock cycles): 
    * Summary: 
    +-----+-----+-----+-----+---------+
    |  Latency  |  Interval | Pipeline|
    | min | max | min | max |   Type  |
    +-----+-----+-----+-----+---------+
    |  529|  529|  529|  529|   none  |
    +-----+-----+-----+-----+---------+

    + Detail: 
        * Instance: 
        N/A

        * Loop: 
        +-------------+-----+-----+----------+-----------+-----------+------+----------+
        |             |  Latency  | Iteration|  Initiation Interval  | Trip |          |
        |  Loop Name  | min | max |  Latency |  achieved |   target  | Count| Pipelined|
        +-------------+-----+-----+----------+-----------+-----------+------+----------+
        |- Loop 1     |  336|  336|        56|          -|          -|     6|    no    |
        | + Loop 1.1  |   54|   54|         9|          -|          -|     6|    no    |
        |- Loop 2     |  165|  165|        15|          -|          -|    11|    no    |
        | + Loop 2.1  |   12|   12|         2|          -|          -|     6|    no    |
        |- Loop 3     |   24|   24|         2|          -|          -|    12|    no    |
        +-------------+-----+-----+----------+-----------+-----------+------+----------+



================================================================
== Utilization Estimates
================================================================
* Summary: 
+-----------------+---------+-------+--------+-------+
|       Name      | BRAM_18K| DSP48E|   FF   |  LUT  |
+-----------------+---------+-------+--------+-------+
|DSP              |        -|      -|       -|      -|
|Expression       |        -|      -|       0|   5327|
|FIFO             |        -|      -|       -|      -|
|Instance         |        -|      4|       0|      0|
|Memory           |        1|      -|      96|      9|
|Multiplexer      |        -|      -|       -|    278|
|Register         |        -|      -|     668|      -|
+-----------------+---------+-------+--------+-------+
|Total            |        1|      4|     764|   5614|
+-----------------+---------+-------+--------+-------+
|Available        |      280|    220|  106400|  53200|
+-----------------+---------+-------+--------+-------+
|Utilization (%)  |    ~0   |      1|   ~0   |     10|
+-----------------+---------+-------+--------+-------+

+ Detail: 
    * Instance: 
    +-------------------------+----------------------+---------+-------+---+----+
    |         Instance        |        Module        | BRAM_18K| DSP48E| FF| LUT|
    +-------------------------+----------------------+---------+-------+---+----+
    |s_compute_acoustig8j_U5  |s_compute_acoustig8j  |        0|      4|  0|   0|
    +-------------------------+----------------------+---------+-------+---+----+
    |Total                    |                      |        0|      4|  0|   0|
    +-------------------------+----------------------+---------+-------+---+----+

    * DSP48: 
    N/A

    * Memory: 
    +---------+----------------------+---------+----+----+------+-----+------+-------------+
    |  Memory |        Module        | BRAM_18K| FF | LUT| Words| Bits| Banks| W*Bits*Banks|
    +---------+----------------------+---------+----+----+------+-----+------+-------------+
    |pp_V_U   |big_mult_v3_94_17eOg  |        1|   0|   0|    36|   34|     1|         1224|
    |pps_V_U  |big_mult_v3_94_17fYi  |        0|  96|   9|    12|   48|     1|          576|
    +---------+----------------------+---------+----+----+------+-----+------+-------------+
    |Total    |                      |        1|  96|   9|    48|   82|     2|         1800|
    +---------+----------------------+---------+----+----+------+-----+------+-------------+

    * FIFO: 
    N/A

    * Expression: 
    +-----------------------+----------+-------+---+-----+------------+------------+
    |     Variable Name     | Operation| DSP48E| FF| LUT | Bitwidth P0| Bitwidth P1|
    +-----------------------+----------+-------+---+-----+------------+------------+
    |Ui_fu_693_p2           |     +    |      0|  0|    8|           5|           8|
    |i_11_fu_231_p2         |     +    |      0|  0|    3|           3|           1|
    |i_12_fu_679_p2         |     +    |      0|  0|    4|           4|           1|
    |i_13_fu_656_p2         |     +    |      0|  0|    4|           4|           1|
    |j_6_fu_303_p2          |     +    |      0|  0|    3|           3|           1|
    |j_7_fu_576_p2          |     +    |      0|  0|    3|           3|           1|
    |tmp_183_fu_283_p2      |     +    |      0|  0|    7|           7|           5|
    |tmp_185_fu_531_p2      |     +    |      0|  0|    4|           4|           2|
    |tmp_188_fu_325_p2      |     +    |      0|  0|    7|           5|           7|
    |tmp_200_fu_666_p2      |     +    |      0|  0|   48|          48|          48|
    |tmp_293_fu_343_p2      |     +    |      0|  0|    7|           7|           7|
    |tmp_297_fu_645_p2      |     +    |      0|  0|    7|           7|           7|
    |tmp_196_fu_594_p2      |     -    |      0|  0|    5|           5|           5|
    |tmp_292_fu_267_p2      |     -    |      0|  0|    7|           7|           7|
    |tmp_296_fu_639_p2      |     -    |      0|  0|    7|           7|           7|
    |tmp_360_fu_361_p2      |     -    |      0|  0|    7|           7|           7|
    |tmp_361_fu_365_p2      |     -    |      0|  0|    7|           7|           7|
    |tmp_362_fu_370_p2      |     -    |      0|  0|    7|           7|           7|
    |tmp_366_fu_396_p2      |     -    |      0|  0|    7|           7|           7|
    |tmp_373_fu_436_p2      |     -    |      0|  0|    7|           7|           7|
    |tmp_374_fu_440_p2      |     -    |      0|  0|    7|           7|           7|
    |tmp_375_fu_445_p2      |     -    |      0|  0|    7|           7|           7|
    |tmp_379_fu_472_p2      |     -    |      0|  0|    7|           7|           7|
    |tmp_389_fu_730_p2      |     -    |      0|  0|    8|           8|           8|
    |tmp_393_fu_754_p2      |     -    |      0|  0|    8|           8|           8|
    |or_cond_fu_605_p2      |    and   |      0|  0|    1|           1|           1|
    |p_Result_16_fu_422_p2  |    and   |      0|  0|  134|          94|          94|
    |p_Result_17_fu_498_p2  |    and   |      0|  0|  134|          94|          94|
    |p_demorgan_fu_808_p2   |    and   |      0|  0|  283|         188|         188|
    |tmp_403_fu_820_p2      |    and   |      0|  0|  283|         188|         188|
    |tmp_404_fu_826_p2      |    and   |      0|  0|  283|         188|         188|
    |exitcond3_fu_225_p2    |   icmp   |      0|  0|    2|           3|           3|
    |exitcond4_fu_525_p2    |   icmp   |      0|  0|    2|           4|           4|
    |exitcond5_fu_297_p2    |   icmp   |      0|  0|    2|           3|           3|
    |exitcond6_fu_570_p2    |   icmp   |      0|  0|    2|           3|           3|
    |exitcond_fu_673_p2     |   icmp   |      0|  0|    2|           4|           4|
    |tmp_187_fu_309_p2      |   icmp   |      0|  0|    2|           3|           3|
    |tmp_193_fu_699_p2      |   icmp   |      0|  0|    3|           8|           8|
    |tmp_197_fu_599_p2      |   icmp   |      0|  0|    2|           5|           3|
    |tmp_358_fu_348_p2      |   icmp   |      0|  0|    3|           7|           7|
    |tmp_372_fu_432_p2      |   icmp   |      0|  0|    3|           7|           7|
    |tmp_388_fu_726_p2      |   icmp   |      0|  0|    3|           8|           8|
    |tmp_s_fu_237_p2        |   icmp   |      0|  0|    2|           3|           3|
    |ult_fu_582_p2          |   icmp   |      0|  0|    2|           4|           4|
    |tmp_369_fu_410_p2      |   lshr   |      0|  0|  291|          94|          94|
    |tmp_370_fu_416_p2      |   lshr   |      0|  0|  291|           2|          94|
    |tmp_382_fu_486_p2      |   lshr   |      0|  0|  291|          94|          94|
    |tmp_383_fu_492_p2      |   lshr   |      0|  0|  291|           2|          94|
    |tmp_401_fu_802_p2      |   lshr   |      0|  0|  600|           2|         188|
    |p_Result_s_fu_832_p2   |    or    |      0|  0|  283|         188|         188|
    |Hi_assign_fu_705_p3    |  select  |      0|  0|    8|           1|           8|
    |Ui_2_fu_289_p3         |  select  |      0|  0|    7|           1|           7|
    |Uj_fu_331_p3           |  select  |      0|  0|    7|           1|           7|
    |tmp_363_fu_374_p3      |  select  |      0|  0|    7|           1|           7|
    |tmp_364_fu_382_p3      |  select  |      0|  0|   94|           1|          94|
    |tmp_365_fu_389_p3      |  select  |      0|  0|    7|           1|           7|
    |tmp_376_fu_449_p3      |  select  |      0|  0|    7|           1|           7|
    |tmp_377_fu_457_p3      |  select  |      0|  0|   94|           1|          94|
    |tmp_378_fu_465_p3      |  select  |      0|  0|    7|           1|           7|
    |tmp_390_fu_735_p3      |  select  |      0|  0|    8|           1|           8|
    |tmp_391_fu_741_p3      |  select  |      0|  0|    8|           1|           8|
    |tmp_392_fu_747_p3      |  select  |      0|  0|    8|           1|           8|
    |tmp_399_fu_788_p3      |  select  |      0|  0|  188|           1|         188|
    |tmp_397_fu_772_p2      |    shl   |      0|  0|  600|         188|         188|
    |tmp_400_fu_796_p2      |    shl   |      0|  0|  600|           2|         188|
    |rev5_fu_588_p2         |    xor   |      0|  0|    2|           1|           2|
    |tmp_402_fu_814_p2      |    xor   |      0|  0|  283|         188|           2|
    +-----------------------+----------+-------+---+-----+------------+------------+
    |Total                  |          |      0|  0| 5327|        1780|        2575|
    +-----------------------+----------+-------+---+-----+------------+------------+

    * Multiplexer: 
    +----------------+-----+-----------+-----+-----------+
    |      Name      | LUT | Input Size| Bits| Total Bits|
    +----------------+-----+-----------+-----+-----------+
    |ap_NS_fsm       |   15|         19|    1|         19|
    |ap_return       |  188|          2|  188|        376|
    |i_1_reg_175     |    4|          2|    4|          8|
    |i_2_reg_210     |    4|          2|    4|          8|
    |i_reg_153       |    3|          2|    3|          6|
    |j_1_reg_187     |    3|          2|    3|          6|
    |j_reg_164       |    3|          2|    3|          6|
    |pp_V_address0   |    6|          4|    6|         24|
    |pps_V_address0  |    4|          6|    4|         24|
    |pps_V_d0        |   48|          4|   48|        192|
    +----------------+-----+-----------+-----+-----------+
    |Total           |  278|         45|  264|        669|
    +----------------+-----+-----------+-----+-----------+

    * Register: 
    +----------------------+-----+----+-----+-----------+
    |         Name         |  FF | LUT| Bits| Const Bits|
    +----------------------+-----+----+-----+-----------+
    |Hi_assign_reg_979     |    8|   0|    8|          0|
    |Li_reg_970            |    8|   0|    8|          0|
    |Lo_assign_1_reg_886   |    6|   0|    7|          1|
    |Lo_assign_reg_862     |    6|   0|    7|          1|
    |Ui_2_reg_871          |    7|   0|    7|          0|
    |Uj_reg_895            |    7|   0|    7|          0|
    |a_V_cast_reg_838      |   78|   0|   94|         16|
    |ap_CS_fsm             |   18|   0|   18|          0|
    |ap_return_preg        |  188|   0|  188|          0|
    |i_11_reg_852          |    3|   0|    3|          0|
    |i_12_reg_965          |    4|   0|    4|          0|
    |i_1_cast_reg_922      |    4|   0|    5|          1|
    |i_1_reg_175           |    4|   0|    4|          0|
    |i_2_reg_210           |    4|   0|    4|          0|
    |i_reg_153             |    3|   0|    3|          0|
    |j_1_reg_187           |    3|   0|    3|          0|
    |j_6_reg_881           |    3|   0|    3|          0|
    |j_7_reg_943           |    3|   0|    3|          0|
    |j_reg_164             |    3|   0|    3|          0|
    |or_cond_reg_948       |    1|   0|    1|          0|
    |p_Val2_34_reg_198     |  188|   0|  188|          0|
    |pps_V_addr_6_reg_935  |    4|   0|    4|          0|
    |tmp_192_reg_917       |   34|   0|   34|          0|
    |tmp_292_reg_857       |    6|   0|    7|          1|
    |tmp_293_reg_902       |    7|   0|    7|          0|
    |tmp_385_reg_907       |   34|   0|   34|          0|
    |tmp_386_reg_912       |   34|   0|   34|          0|
    +----------------------+-----+----+-----+-----------+
    |Total                 |  668|   0|  688|         20|
    +----------------------+-----+----+-----+-----------+



================================================================
== Interface
================================================================
* Summary: 
+-----------+-----+-----+------------+---------------------+--------------+
| RTL Ports | Dir | Bits|  Protocol  |    Source Object    |    C Type    |
+-----------+-----+-----+------------+---------------------+--------------+
|ap_clk     |  in |    1| ap_ctrl_hs | big_mult_v3<94, 17> | return value |
|ap_rst     |  in |    1| ap_ctrl_hs | big_mult_v3<94, 17> | return value |
|ap_start   |  in |    1| ap_ctrl_hs | big_mult_v3<94, 17> | return value |
|ap_done    | out |    1| ap_ctrl_hs | big_mult_v3<94, 17> | return value |
|ap_idle    | out |    1| ap_ctrl_hs | big_mult_v3<94, 17> | return value |
|ap_ready   | out |    1| ap_ctrl_hs | big_mult_v3<94, 17> | return value |
|ap_return  | out |  188| ap_ctrl_hs | big_mult_v3<94, 17> | return value |
|a_V        |  in |   78|   ap_none  |         a_V         |    scalar    |
+-----------+-----+-----+------------+---------------------+--------------+

