

================================================================
== Vivado HLS Report for 'on_structure_corner'
================================================================
* Date:           Sun Oct 18 23:04:56 2020

* Version:        2016.4 (Build 1756540 on Mon Jan 23 19:31:01 MST 2017)
* Project:        wave2
* Solution:       wave
* Product family: zynq
* Target device:  xc7z020clg484-1


================================================================
== Performance Estimates
================================================================
+ Timing (ns): 
    * Summary: 
    +--------+-------+----------+------------+
    |  Clock | Target| Estimated| Uncertainty|
    +--------+-------+----------+------------+
    |ap_clk  |  10.00|      7.17|        1.25|
    +--------+-------+----------+------------+

+ Latency (clock cycles): 
    * Summary: 
    +-----+-----+-----+-----+---------+
    |  Latency  |  Interval | Pipeline|
    | min | max | min | max |   Type  |
    +-----+-----+-----+-----+---------+
    |    ?|    ?|    ?|    ?|   none  |
    +-----+-----+-----+-----+---------+

    + Detail: 
        * Instance: 
        N/A

        * Loop: 
        +----------+-----+-----+----------+-----------+-----------+------+----------+
        |          |  Latency  | Iteration|  Initiation Interval  | Trip |          |
        | Loop Name| min | max |  Latency |  achieved |   target  | Count| Pipelined|
        +----------+-----+-----+----------+-----------+-----------+------+----------+
        |- Loop 1  |    ?|    ?|         9|          -|          -|     ?|    no    |
        +----------+-----+-----+----------+-----------+-----------+------+----------+



================================================================
== Utilization Estimates
================================================================
* Summary: 
+-----------------+---------+-------+--------+-------+
|       Name      | BRAM_18K| DSP48E|   FF   |  LUT  |
+-----------------+---------+-------+--------+-------+
|DSP              |        -|      -|       -|      -|
|Expression       |        -|      -|       0|    393|
|FIFO             |        -|      -|       -|      -|
|Instance         |        -|      -|       -|      -|
|Memory           |        -|      -|       -|      -|
|Multiplexer      |        -|      -|       -|     61|
|Register         |        -|      -|     143|      -|
+-----------------+---------+-------+--------+-------+
|Total            |        0|      0|     143|    454|
+-----------------+---------+-------+--------+-------+
|Available        |      280|    220|  106400|  53200|
+-----------------+---------+-------+--------+-------+
|Utilization (%)  |        0|      0|   ~0   |   ~0  |
+-----------------+---------+-------+--------+-------+

+ Detail: 
    * Instance: 
    N/A

    * DSP48: 
    N/A

    * Memory: 
    N/A

    * FIFO: 
    N/A

    * Expression: 
    +-------------------+----------+-------+---+----+------------+------------+
    |   Variable Name   | Operation| DSP48E| FF| LUT| Bitwidth P0| Bitwidth P1|
    +-------------------+----------+-------+---+----+------------+------------+
    |i_7_fu_180_p2      |     +    |      0|  0|  31|          31|           1|
    |grp_fu_157_p2      |   icmp   |      0|  0|  11|          32|          32|
    |grp_fu_162_p2      |   icmp   |      0|  0|  11|          32|          32|
    |tmp_fu_175_p2      |   icmp   |      0|  0|  11|          32|          32|
    |tmp_269_fu_199_p2  |    or    |      0|  0|  47|          34|           1|
    |tmp_271_fu_213_p2  |    or    |      0|  0|  47|          34|           2|
    |tmp_273_fu_227_p2  |    or    |      0|  0|  47|          34|           2|
    |tmp_275_fu_241_p2  |    or    |      0|  0|  47|          34|           3|
    |tmp_277_fu_255_p2  |    or    |      0|  0|  47|          34|           3|
    |tmp_279_fu_269_p2  |    or    |      0|  0|  47|          34|           3|
    |tmp_281_fu_283_p2  |    or    |      0|  0|  47|          34|           3|
    +-------------------+----------+-------+---+----+------------+------------+
    |Total              |          |      0|  0| 393|         365|         114|
    +-------------------+----------+-------+---+----+------------+------------+

    * Multiplexer: 
    +-------------------------------+----+-----------+-----+-----------+
    |              Name             | LUT| Input Size| Bits| Total Bits|
    +-------------------------------+----+-----------+-----+-----------+
    |ap_NS_fsm                      |   4|         11|    1|         11|
    |ap_return                      |   4|          2|    4|          8|
    |i_reg_122                      |  31|          2|   31|         62|
    |p_0_phi_fu_140_p10             |   4|          2|    4|          8|
    |p_0_reg_133                    |   4|          5|    4|         20|
    |scenario_structure_c_address0  |  14|          9|    7|         63|
    +-------------------------------+----+-----------+-----+-----------+
    |Total                          |  61|         31|   51|        172|
    +-------------------------------+----+-----------+-----+-----------+

    * Register: 
    +---------------------------------+----+----+-----+-----------+
    |               Name              | FF | LUT| Bits| Const Bits|
    +---------------------------------+----+----+-----+-----------+
    |ap_CS_fsm                        |  10|   0|   10|          0|
    |ap_return_preg                   |   4|   0|    4|          0|
    |i_7_reg_316                      |  31|   0|   31|          0|
    |i_reg_122                        |  31|   0|   31|          0|
    |p_0_reg_133                      |   4|   0|    4|          0|
    |scenario_structure_c_20_reg_342  |   4|   0|    7|          3|
    |scenario_structure_c_21_reg_347  |   4|   0|    7|          3|
    |scenario_structure_c_22_reg_352  |   4|   0|    7|          3|
    |scenario_structure_c_23_reg_357  |   4|   0|    7|          3|
    |scenario_structure_c_24_reg_362  |   4|   0|    7|          3|
    |scenario_structure_c_25_reg_367  |   4|   0|    7|          3|
    |tmp_144_reg_372                  |   1|   0|    1|          0|
    |tmp_145_reg_376                  |   1|   0|    1|          0|
    |tmp_146_reg_380                  |   1|   0|    1|          0|
    |tmp_147_reg_384                  |   1|   0|    1|          0|
    |tmp_148_reg_388                  |   1|   0|    1|          0|
    |tmp_149_reg_392                  |   1|   0|    1|          0|
    |tmp_150_reg_396                  |   1|   0|    1|          0|
    |tmp_reg_312                      |   1|   0|    1|          0|
    |tmp_s_reg_321                    |  31|   0|   34|          3|
    +---------------------------------+----+----+-----+-----------+
    |Total                            | 143|   0|  164|         21|
    +---------------------------------+----+----+-----+-----------+



================================================================
== Interface
================================================================
* Summary: 
+-------------------------------+-----+-----+------------+----------------------+--------------+
|           RTL Ports           | Dir | Bits|  Protocol  |     Source Object    |    C Type    |
+-------------------------------+-----+-----+------------+----------------------+--------------+
|ap_clk                         |  in |    1| ap_ctrl_hs |  on_structure_corner | return value |
|ap_rst                         |  in |    1| ap_ctrl_hs |  on_structure_corner | return value |
|ap_start                       |  in |    1| ap_ctrl_hs |  on_structure_corner | return value |
|ap_done                        | out |    1| ap_ctrl_hs |  on_structure_corner | return value |
|ap_idle                        | out |    1| ap_ctrl_hs |  on_structure_corner | return value |
|ap_ready                       | out |    1| ap_ctrl_hs |  on_structure_corner | return value |
|ap_return                      | out |    4| ap_ctrl_hs |  on_structure_corner | return value |
|x                              |  in |   32|   ap_none  |           x          |    scalar    |
|y                              |  in |   32|   ap_none  |           y          |    scalar    |
|scenario_nr_struct             |  in |   32|   ap_none  |  scenario_nr_struct  |    pointer   |
|scenario_structure_c_address0  | out |    7|  ap_memory | scenario_structure_c |     array    |
|scenario_structure_c_ce0       | out |    1|  ap_memory | scenario_structure_c |     array    |
|scenario_structure_c_q0        |  in |   32|  ap_memory | scenario_structure_c |     array    |
+-------------------------------+-----+-----+------------+----------------------+--------------+

